	DownloadPath   =
	UploadPath     =
	Password       =
	ScreenMode     =80x25
	NoStatus       =true
	ANSIMusic      =1
	Font           =Codepage 437 English
        NoStatus       =true


[Agency BBS (SSH)]
        Address        =agency.bbs.nz
        Port           =2024
        ConnectionType =ssh

[Alley Cat BBS]
        Address        =alleycat.synchro.net
        Port           =23
        ConnectionType =telnet

[Babes On Fire]
        Address        =babesonfire.nl 
        Port           =23
        ConnectionType =telnet

[Basement BBS]
        Address        =basementbbs.ddns.net
        Port           =9000
        ConnectionType =telnet

[Basement Theory (SSH)]
        Address        =basement.synchro.net
        Port           =2222
        ConnectionType =ssh

[Blood Stone]
        Address        =wwiv.bsbbs.com
        Port           =2323
        ConnectionType =telnet

[Blood Stone (SSH)]
        Address        =wwiv.bsbbs.com
        Port           =22
        ConnectionType =ssh

[Bucko's Den]
        Address        =wn2.duckdns.org
        Port           =6407
        ConnectionType =telnet

[Capitol Shrill BBS]
        Address        =capitolshrill.com
        Port           =23
        ConnectionType =telnet

[Capitol Shrill BBS (SSH)]
        Address        =capitolshrill.com
        Port           =22
        ConnectionType =ssh

[Commodore Image]
        Address        =cib.dyndns.org
        Port           =6400
        ConnectionType =telnet

[Commodore Image 2]
        Address        =cib.dyndns.org
        Port           =6401
        ConnectionType =telnet

[Commodore Image 3]
        Address        =cib.dyndns.org
        Port           =6402
        ConnectionType =telnet

[Cybersteampunk BBS]
        Address        =bbs.sysop.se
        Port           =8888
        ConnectionType =telnet

[Dragon's Lair BBS]
        Address        =dragon.vk3heg.net
        Port           =23
        ConnectionType =telnet

[DragonsWeb Labs BBS]
        Address        =bbs.dragonsweb.org
        Port           =23
        ConnectionType =telnet

[Eggy BBS]
        Address        =bbs.eggy.cc:
        Port           =2300
        ConnectionType =telnet

[Fercho BBS]
        Address        =ferchobbs.ddns.net
        Port           =2323
        ConnectionType =telnet

[Grady's Liquor Store]
        Address        =hcow.dynu.net
        Port           =2323
        ConnectionType =telnet

[Insane Asylum BBS (SSH)]
        Address        =tiabbs.synchro.net
        Port           =22
        ConnectionType =ssh

[Legacy/X WHQ]
        Address        =exchangebbs.com
        Port           =23
        ConnectionType =telnet

[Momia BBS]
        Address        =momiabbs.no-ip.info
        Port           =2323
        ConnectionType =telnet

[Mutiny BBS (SSH)]
        Address        =mutinybbs.com
        Port           =22
        ConnectionType =ssh

[Ninety-Six Forty 9640 News BBS]
        Address        =9640news.ddns.net:9640
        Port           =23
        ConnectionType =telnet

[Ninho do Abutre 2 BBS]
        Address        =abutre.no-ip.org
        Port           =2323
        ConnectionType =telnet

[Ninho do Abutre 2 BBS (SSH)]
        Address        =abutre.no-ip.org
        Port           =22
        ConnectionType =ssh

[Northern Borderlands BBS (SSH)]
        Address        =northernborderlands.ddns.net
        Port           =22
        ConnectionType =ssh

[Old Time's Sake BBS]
        Address        =konchoulias.no-ip.org
        Port           =2323
        ConnectionType =telnet

[Outpost BBS]
        Address        =bbs.outpostbbs.net
        Port           =8088
        ConnectionType =telnet

[Part-Time BBS]
        Address        =ptbbs.ddns.net
        Port           =8000
        ConnectionType =telnet

[Pepzi BBS]
        Address        =pepzi.eu
        Port           =23
        ConnectionType =telnet

[Pinion BBS]
        Address        =alienprime.alienpinion.com
        Port           =23
        ConnectionType =telnet

[Quantum Wormhole]
        Address        =bbs.erb.pw
        Port           =23
        ConnectionType =telnet

[Quantum Wormhole (SSH)]
        Address        =bbs.erb.pw
        Port           =45022
        ConnectionType =ssh

[SD2IEC Test BBS]
        Address        =cib.dyndns.org
        Port           =6403
        ConnectionType =telnet

[Skynet BBS]
        Address        =skynetbbs.dynu.net
        Port           =6400
        ConnectionType =telnet

[Telegard Prison Board]
        Address        =wcalt.rdfig.net
        Port           =23
        ConnectionType =telnet

[Terminal Obsession]
        Address        =terminal-obsession.hopto.org
        Port           =1541
        ConnectionType =telnet

[Tiny's BBS]
        Address        =tinysbbs.com
        Port           =3023
        ConnectionType =telnet

[Tommy's Holiday Camp]
        Address        =vintage.thcbbs.com
        Port           =23
        ConnectionType =telnet

[Trashcan BBS]
        Address        =bbs.thenet.gen.nz
        Port           =2324
        ConnectionType =telnet

[Undercurrents BBS (Enigma) (SSH)]
        Address        =8086
        Port           =22
        ConnectionType =ssh

[Void BBS]
        Address        =voidbbs.com
        Port           =23
        ConnectionType =telnet

[Wintermute BBS (SSH)]
        Address        =new@wintermute.spdns.eu
        Port           =2222
        ConnectionType =ssh

[Wrong Number IV BBS]
        Address        =wn2.duckdns.org
        Port           =3000
        ConnectionType =telnet

[Wrong Number V BBS]
        Address        =wn2.duckdns.org
        Port           =6408
        ConnectionType =telnet

[Wrong Number ][ V1.2b]
        Address        =cib.dyndns.org
        Port           =6404
        ConnectionType =telnet

[Wrong Number ][ V2.0]
        Address        =cib.dyndns.org
        Port           =6405
        ConnectionType =telnet

[Zombie Zone]
        Address        =hcow.dynu.net
        Port           =61912
        ConnectionType =telnet
