	DownloadPath   =
	UploadPath     =
	Password       =
	ScreenMode     =80x25
	NoStatus       =true
	ANSIMusic      =1
	Font           =Codepage 437 English
        NoStatus       =true


[Abacus BBS]
        Address        =bbs.abon.us
        Port           =23
        ConnectionType =telnet

[Abacus BBS (SSH)]
        Address        =ssh: //bbs. abon.us
        Port           =2222
        ConnectionType =ssh

[After Hours BBS]
        Address        =afterhours-bbs.com
        Port           =23
        ConnectionType =telnet

[Argen-X BBS]
        Address        =sysop.kozow.com
        Port           =23
        ConnectionType =telnet

[Babes On Fire]
        Address        =babesonfire.nl 
        Port           =23
        ConnectionType =telnet

[Basement Theory (SSH)]
        Address        =basement.synchro.net
        Port           =2222
        ConnectionType =ssh

[Before the Web]
        Address        =136.53.85.91
        Port           =23232
        ConnectionType =telnet

[Blood Stone (SSH)]
        Address        =wwiv.bsbbs.com
        Port           =22
        ConnectionType =ssh

[Blue Wave BBS]
        Address        =119.18.8.106
        Port           =23
        ConnectionType =telnet

[Bucko's Den]
        Address        =wn2.duckdns.org
        Port           =6407
        ConnectionType =telnet

[Capitol Shrill BBS (SSH)]
        Address        =capitolshrill.com
        Port           =22
        ConnectionType =ssh

[Centronian BBS]
        Address        =bbs.centronian.ca
        Port           =6400
        ConnectionType =telnet

[Citynet]
        Address        =major.butt.care
        Port           =23
        ConnectionType =telnet

[Eggy BBS]
        Address        =bbs.eggy.cc:
        Port           =2300
        ConnectionType =telnet

[Files 4 Fun BBS]
        Address        =bbs.f4fbbs.com
        Port           =62323
        ConnectionType =telnet

[FlupH BBS]
        Address        =fluph.zapto.org
        Port           =23
        ConnectionType =telnet

[Force9 BBS]
        Address        =bbs.force9.org
        Port           =23
        ConnectionType =telnet

[Forgotten Realms]
        Address        =212.213.64.95 
        Port           =23
        ConnectionType =telnet

[Furmen's Folly (SSH)]
        Address        =furmenservices.net
        Port           =23222
        ConnectionType =ssh

[Gate BBS]
        Address        =thegatebbs.sytes.net
        Port           =666
        ConnectionType =telnet

[Gate BBS II]
        Address        =thegateb.synchro.net
        Port           =23
        ConnectionType =telnet

[Grem's Place]
        Address        =bbs.grems-place.net
        Port           =23
        ConnectionType =telnet

[Haciend El Bananas]
        Address        =188.166.9.190 
        Port           =23
        ConnectionType =telnet

[High Desert BBS]
        Address        =highdesertbbs.ddns.net
        Port           =6400
        ConnectionType =telnet

[Jay's Cafe]
        Address        =bbs.jayscafe.net
        Port           =23
        ConnectionType =telnet

[KD3net]
        Address        =bbs.kd3.us
        Port           =23
        ConnectionType =telnet

[KD3net (SSH)]
        Address        =bbs.kd3.us
        Port           =22
        ConnectionType =ssh

[Lean Angle BBS]
        Address        =winserver.org
        Port           =23
        ConnectionType =telnet

[Legends of Yesteryear]
        Address        =136.53.85.91
        Port           =23322
        ConnectionType =telnet

[LostCause Halfway House]
        Address        =bbs.lostcause.house
        Port           =23
        ConnectionType =telnet

[MNFrost BBS]
        Address        =mnfrost.com
        Port           =23
        ConnectionType =telnet

[McCabe Cousins BBS]
        Address        =we6jbobbsdotorg.duckdns.org
        Port           =23
        ConnectionType =telnet

[Mutiny BBS (SSH)]
        Address        =mutinybbs.com
        Port           =22
        ConnectionType =ssh

[New Frontier ][ BBS (SSH)]
        Address        =frontierbbs.net
        Port           =222
        ConnectionType =ssh

[Ninety-Six Forty 9640 News BBS]
        Address        =9640news.ddns.net:9640
        Port           =23
        ConnectionType =telnet

[Ninho do Abutre 2 BBS (SSH)]
        Address        =abutre.no-ip.org
        Port           =22
        ConnectionType =ssh

[Omicron Theta BBS]
        Address        =winserver.org
        Port           =2300
        ConnectionType =telnet

[Quazar BBS Door Game Server]
        Address        =quazarbbs.dynu.net
        Port           =2323
        ConnectionType =telnet

[Slasho.me BBS]
        Address        =slasho.me
        Port           =23
        ConnectionType =telnet

[Small Time BBS]
        Address        =smalltimebbs.ddns.net
        Port           =23
        ConnectionType =telnet

[TAK Software BBS]
        Address        =bbs.taksoftware.com
        Port           =23
        ConnectionType =telnet

[Undercurrents BBS (Enigma) (SSH)]
        Address        =8086
        Port           =22
        ConnectionType =ssh

[Virtual Terminal BBS]
        Address        =bbs.kernelerror.com
        Port           =10023
        ConnectionType =telnet

[Wrong Number IV BBS]
        Address        =wn2.duckdns.org
        Port           =3000
        ConnectionType =telnet

[Wrong Number V BBS]
        Address        =wn2.duckdns.org
        Port           =6408
        ConnectionType =telnet
