	DownloadPath   =
	UploadPath     =
	Password       =
	ScreenMode     =80x25
	NoStatus       =true
	ANSIMusic      =1
	Font           =Codepage 437 English
        NoStatus       =true


[Alley Cat BBS]
        Address        =alleycat.synchro.net
        Port           =23
        ConnectionType =telnet

[Babes On Fire]
        Address        =babesonfire.nl 
        Port           =23
        ConnectionType =telnet

[Bandit BBS]
        Address        =clark-home.com
        Port           =23
        ConnectionType =telnet

[Basement Theory (SSH)]
        Address        =basement.synchro.net
        Port           =2222
        ConnectionType =ssh

[Blood Stone]
        Address        =wwiv.bsbbs.com
        Port           =2323
        ConnectionType =telnet

[Blood Stone (SSH)]
        Address        =wwiv.bsbbs.com
        Port           =22
        ConnectionType =ssh

[Blue Northern Software BBS]
        Address        =bnsbbs.ddns.net
        Port           =23000
        ConnectionType =telnet

[Bucko's Den]
        Address        =wn2.duckdns.org
        Port           =6407
        ConnectionType =telnet

[Capitol Shrill BBS]
        Address        =capitolshrill.com
        Port           =23
        ConnectionType =telnet

[Capitol Shrill BBS (SSH)]
        Address        =capitolshrill.com
        Port           =22
        ConnectionType =ssh

[Commodore4ever BBS]
        Address        =commodore4everbbs.dynu.net
        Port           =6400
        ConnectionType =telnet

[Crazy World BBS]
        Address        =crazyworldbbs.com
        Port           =23
        ConnectionType =telnet

[Curse of Fenric]
        Address        =fenric.muppetwhore.net
        Port           =23
        ConnectionType =telnet

[Days of Old BBS]
        Address        =daysofoldbbs.wilhartsolutions.com
        Port           =23
        ConnectionType =telnet

[Dragon's Gate BBS]
        Address        =98.127.70.11
        Port           =23
        ConnectionType =telnet

[Eggy BBS]
        Address        =bbs.eggy.cc:
        Port           =2300
        ConnectionType =telnet

[Ink Two]
        Address        =bbs.inktwo.com
        Port           =23
        ConnectionType =telnet

[Insane Asylum BBS (SSH)]
        Address        =tiabbs.synchro.net
        Port           =22
        ConnectionType =ssh

[Lair Of The Wolverine]
        Address        =defshard.synology.me
        Port           =23
        ConnectionType =telnet

[Leisure Time BBS]
        Address        =bbs.riddells.net
        Port           =10023
        ConnectionType =telnet

[Lostcause Halfway House BBS]
        Address        =34.227.11.246
        Port           =23
        ConnectionType =telnet

[Mutiny BBS (SSH)]
        Address        =mutinybbs.com
        Port           =22
        ConnectionType =ssh

[NVCrypt]
        Address        =nvcrypt.com
        Port           =23
        ConnectionType =telnet

[Necronomicon BBS]
        Address        =necrobbs.strangled.net
        Port           =23
        ConnectionType =telnet

[Ninety-Six Forty 9640 News BBS]
        Address        =9640news.ddns.net:9640
        Port           =23
        ConnectionType =telnet

[Ninho do Abutre 2 BBS (SSH)]
        Address        =abutre.no-ip.org
        Port           =22
        ConnectionType =ssh

[Nola Carrier]
        Address        =nolacarrier.com
        Port           =504
        ConnectionType =telnet

[North Central Ohio Freenet]
        Address        =66.61.118.81
        Port           =23
        ConnectionType =telnet

[Northern Borderlands BBS]
        Address        =73.116.123.179
        Port           =23
        ConnectionType =telnet

[Northern Borderlands BBS (SSH)]
        Address        =northernborderlands.ddns.net
        Port           =22
        ConnectionType =ssh

[Quazar BBS Door Game Server]
        Address        =quazarbbs.dynu.net
        Port           =2323
        ConnectionType =telnet

[Retro Devops BBS]
        Address        =13.72.230.17
        Port           =23
        ConnectionType =telnet

[Second Foundation]
        Address        =second-foundation.ddns.net
        Port           =2323
        ConnectionType =telnet

[Slasho.me BBS]
        Address        =slasho.me
        Port           =23
        ConnectionType =telnet

[Starbase 21]
        Address        =bbs.starbase21.net
        Port           =23
        ConnectionType =telnet

[Storm BBS]
        Address        =telnet.stormbbs.com
        Port           =23
        ConnectionType =telnet

[T311net BBS]
        Address        =t311net.ddns.net
        Port           =2323
        ConnectionType =telnet

[T311net BBS (SSH)]
        Address        =t311net.ddns.net
        Port           =2222
        ConnectionType =ssh

[Telegard Prison Board]
        Address        =wcalt.rdfig.net
        Port           =23
        ConnectionType =telnet

[Tiny's BBS]
        Address        =tinysbbs.com
        Port           =3023
        ConnectionType =telnet

[Trashcan BBS]
        Address        =bbs.thenet.gen.nz
        Port           =2324
        ConnectionType =telnet

[Twinkle BBS]
        Address        =twinklebbs.xyz
        Port           =23
        ConnectionType =telnet

[Undercurrents BBS (Enigma) (SSH)]
        Address        =8086
        Port           =22
        ConnectionType =ssh

[Wicked Garden BBS]
        Address        =wgbbs.fsxnet.nz
        Port           =23
        ConnectionType =telnet

[Wicked Garden BBS (SSH)]
        Address        =wgbbs.fsxnet.nz
        Port           =22
        ConnectionType =ssh

[Wildcat Prison BBS]
        Address        =wcalt.rdfig.net
        Port           =2324
        ConnectionType =telnet

[Winchester BBS]
        Address        =cvdcamilleri.dns05.com
        Port           =6666
        ConnectionType =telnet

[Wrong Number IV BBS]
        Address        =wn2.duckdns.org
        Port           =3000
        ConnectionType =telnet

[Wrong Number V BBS]
        Address        =wn2.duckdns.org
        Port           =6408
        ConnectionType =telnet
